S1 on procedural_128x96_f33.safetensors — CPU stream, fp32
  const.t maxAbs 5.960e-08  ref|max| 9.244e-01  rel 6.448e-08  psnr  162.4 dB
  const.t_mod maxAbs 2.384e-07  ref|max| 2.400e+00  rel 9.934e-08  psnr  162.0 dB
  const.cross_k0 maxAbs 1.431e-06  ref|max| 5.842e+00  rel 2.449e-07  psnr  160.8 dB
  const.cross_v0 maxAbs 2.980e-07  ref|max| 1.216e+00  rel 2.450e-07  psnr  162.2 dB
  c0.lq.0 maxAbs 2.086e-06  ref|max| 1.035e+00  rel 2.016e-06  psnr  133.2 dB
  c1.lq.0 maxAbs 2.205e-06  ref|max| 8.783e-01  rel 2.511e-06  psnr  131.4 dB
  topk_ratio 10.0, local_range 11
  iso c0.b0.sa_in maxAbs 2.861e-06  ref|max| 1.386e+01  rel 2.064e-07  psnr  161.7 dB
  iso c0.b0.q maxAbs 4.768e-06  ref|max| 8.694e+00  rel 5.485e-07  psnr  153.4 dB
  iso c0.b0.k maxAbs 3.815e-06  ref|max| 7.921e+00  rel 4.816e-07  psnr  152.9 dB
  iso c0.b0.v maxAbs 6.676e-06  ref|max| 1.515e+01  rel 4.406e-07  psnr  150.5 dB
  iso c0.b0.attn maxAbs 3.195e-05  ref|max| 3.594e+00  rel 8.889e-06  psnr  133.0 dB
  iso c0.b0.sa_out maxAbs 2.384e-05  ref|max| 1.563e+01  rel 1.526e-06  psnr  144.0 dB
  iso c0.b0.ca_in maxAbs 1.335e-05  ref|max| 2.602e+01  rel 5.130e-07  psnr  162.8 dB
  iso c0.b0.ca_out maxAbs 6.199e-06  ref|max| 8.089e-01  rel 7.663e-06  psnr  124.5 dB
  iso c0.b0.out maxAbs 5.531e-05  ref|max| 3.615e+01  rel 1.530e-06  psnr  155.5 dB
  iso c0.b0 0 / 15552 blocks differ (density 0.998, empty q-rows 0)
  iso c0.b29.sa_in maxAbs 3.815e-06  ref|max| 1.038e+01  rel 3.676e-07  psnr  158.7 dB
  iso c0.b29.q maxAbs 3.052e-05  ref|max| 6.125e+01  rel 4.982e-07  psnr  163.2 dB
  iso c0.b29.k maxAbs 4.578e-05  ref|max| 9.208e+01  rel 4.971e-07  psnr  166.5 dB
  iso c0.b29.v maxAbs 6.199e-06  ref|max| 1.033e+01  rel 6.002e-07  psnr  147.0 dB
  iso c0.b29.attn maxAbs 3.874e-05  ref|max| 1.004e+01  rel 3.860e-06  psnr  136.3 dB
  iso c0.b29.sa_out maxAbs 3.338e-05  ref|max| 2.581e+01  rel 1.293e-06  psnr  139.5 dB
  iso c0.b29.ca_in maxAbs 1.907e-05  ref|max| 2.729e+01  rel 6.988e-07  psnr  155.2 dB
  iso c0.b29.ca_out maxAbs 5.722e-05  ref|max| 1.193e+01  rel 4.798e-06  psnr  142.5 dB
  iso c0.b29.out maxAbs 7.629e-05  ref|max| 5.719e+01  rel 1.334e-06  psnr  153.5 dB
  iso c0.b29 29 / 15552 blocks differ (density 0.929, empty q-rows 0)  flipped: 29 underflow ties (p < 1e-30), max p 0.000e+00, worst neighbour gap 0.00e+00
  chain c0.b0.in maxAbs 1.431e-06  ref|max| 3.024e+00  rel 4.730e-07  psnr  155.5 dB
  chain c0.b0.attn maxAbs 3.386e-05  ref|max| 3.594e+00  rel 9.419e-06  psnr  132.9 dB
  chain c0.b0.out maxAbs 5.150e-05  ref|max| 3.615e+01  rel 1.424e-06  psnr  155.4 dB
  chain c0.b0 0 / 15552 blocks differ (density 0.998, empty q-rows 0)
  chain c0.b29.in maxAbs 1.514e-03  ref|max| 3.606e+01  rel 4.199e-05  psnr  136.8 dB
  chain c0.b29.attn maxAbs 4.129e-03  ref|max| 1.004e+01  rel 4.114e-04  psnr  118.1 dB
  chain c0.b29.out maxAbs 1.225e-03  ref|max| 5.719e+01  rel 2.141e-05  psnr  138.2 dB
  chain c0.b29 29 / 15552 blocks differ (density 0.929, empty q-rows 0)  flipped: 29 underflow ties (p < 1e-30), max p 0.000e+00, worst neighbour gap 0.00e+00
  chain c0.pred maxAbs 2.510e-04  ref|max| 6.604e+00  rel 3.801e-05  psnr  128.5 dB
  chain c0.cache_k0 maxAbs 4.292e-06  ref|max| 7.921e+00  rel 5.418e-07  psnr  150.4 dB
  chain c0.cache_v0 maxAbs 6.676e-06  ref|max| 1.515e+01  rel 4.406e-07  psnr  147.1 dB
  iso c1.b0.sa_in maxAbs 1.907e-06  ref|max| 1.207e+01  rel 1.580e-07  psnr  160.3 dB
  iso c1.b0.q maxAbs 2.861e-06  ref|max| 7.082e+00  rel 4.040e-07  psnr  151.5 dB
  iso c1.b0.k maxAbs 3.815e-06  ref|max| 7.921e+00  rel 4.816e-07  psnr  158.8 dB
  iso c1.b0.v maxAbs 5.722e-06  ref|max| 1.515e+01  rel 3.776e-07  psnr  156.5 dB
  iso c1.b0.attn maxAbs 1.383e-05  ref|max| 3.276e+00  rel 4.221e-06  psnr  133.5 dB
  iso c1.b0.sa_out maxAbs 1.812e-05  ref|max| 1.534e+01  rel 1.181e-06  psnr  144.9 dB
  iso c1.b0.ca_in maxAbs 1.335e-05  ref|max| 2.586e+01  rel 5.163e-07  psnr  163.5 dB
  iso c1.b0.ca_out maxAbs 4.709e-06  ref|max| 6.813e-01  rel 6.912e-06  psnr  123.6 dB
  iso c1.b0.out maxAbs 4.387e-05  ref|max| 3.126e+01  rel 1.403e-06  psnr  154.7 dB
  iso c1.b0 0 / 6912 blocks differ (density 0.998, empty q-rows 0)
  iso c1.b29.sa_in maxAbs 2.384e-06  ref|max| 8.284e+00  rel 2.878e-07  psnr  156.2 dB
  iso c1.b29.q maxAbs 3.433e-05  ref|max| 6.026e+01  rel 5.698e-07  psnr  162.9 dB
  iso c1.b29.k maxAbs 4.578e-05  ref|max| 9.208e+01  rel 4.971e-07  psnr  166.5 dB
  iso c1.b29.v maxAbs 6.199e-06  ref|max| 1.033e+01  rel 6.002e-07  psnr  146.8 dB
  iso c1.b29.attn maxAbs 3.004e-05  ref|max| 9.968e+00  rel 3.014e-06  psnr  136.8 dB
  iso c1.b29.sa_out maxAbs 2.837e-05  ref|max| 2.423e+01  rel 1.171e-06  psnr  139.2 dB
  iso c1.b29.ca_in maxAbs 1.907e-05  ref|max| 2.024e+01  rel 9.426e-07  psnr  152.6 dB
  iso c1.b29.ca_out maxAbs 8.202e-05  ref|max| 1.045e+01  rel 7.852e-06  psnr  141.5 dB
  iso c1.b29.out maxAbs 8.011e-05  ref|max| 4.655e+01  rel 1.721e-06  psnr  151.9 dB
  iso c1.b29 0 / 6912 blocks differ (density 0.927, empty q-rows 0)
  chain c1.b0.in maxAbs 1.192e-06  ref|max| 3.027e+00  rel 3.938e-07  psnr  155.5 dB
  chain c1.b0.attn maxAbs 1.359e-05  ref|max| 3.276e+00  rel 4.148e-06  psnr  133.5 dB
  chain c1.b0.out maxAbs 4.196e-05  ref|max| 3.126e+01  rel 1.342e-06  psnr  154.7 dB
  chain c1.b0 0 / 6912 blocks differ (density 0.998, empty q-rows 0)
  chain c1.b29.in maxAbs 1.297e-04  ref|max| 1.789e+01  rel 7.250e-06  psnr  132.0 dB
  chain c1.b29.attn maxAbs 1.874e-04  ref|max| 9.968e+00  rel 1.880e-05  psnr  125.3 dB
  chain c1.b29.out maxAbs 1.030e-04  ref|max| 4.655e+01  rel 2.213e-06  psnr  139.7 dB
  chain c1.b29 0 / 6912 blocks differ (density 0.927, empty q-rows 0)
  chain c1.pred maxAbs 1.931e-05  ref|max| 6.551e+00  rel 2.948e-06  psnr  130.3 dB
  chain c1.cache_k0 maxAbs 4.292e-06  ref|max| 7.921e+00  rel 5.418e-07  psnr  150.3 dB
  chain c1.cache_v0 maxAbs 6.676e-06  ref|max| 1.363e+01  rel 4.898e-07  psnr  146.2 dB
  dec.out maxAbs 1.264e-05  ref|max| 1.174e+00  rel 1.077e-05  psnr  124.3 dB
  E2E c0.lq.0 maxAbs 2.086e-06  ref|max| 1.035e+00  rel 2.016e-06  psnr  133.2 dB   (info)
  E2E c0.pred maxAbs 2.489e-04  ref|max| 6.604e+00  rel 3.769e-05  psnr  128.4 dB   (info)
  E2E c0.x_in maxAbs 0.000e+00  ref|max| 4.995e+00  rel 0.000e+00  psnr    inf dB   (info)
  E2E c1.lq.0 maxAbs 2.205e-06  ref|max| 8.783e-01  rel 2.511e-06  psnr  131.4 dB   (info)
  E2E c1.pred maxAbs 1.407e-05  ref|max| 6.551e+00  rel 2.147e-06  psnr  130.1 dB   (info)
  E2E c1.x_in maxAbs 0.000e+00  ref|max| 4.979e+00  rel 0.000e+00  psnr    inf dB   (info)
  E2E latents maxAbs 2.489e-04  ref|max| 4.279e+00  rel 5.816e-05  psnr  125.0 dB   (info)
  E2E pre-colourfix maxAbs 5.257e-04  ref|max| 1.347e+00  rel 3.901e-04  psnr  113.3 dB   (info)
  stream: 33 pushed → 33 out (whole-clip run emits 29)
  stream c0.lq.0 maxAbs 2.086e-06  ref|max| 1.035e+00  rel 2.016e-06  psnr  133.2 dB   (info, vs golden)
  stream c0.latents maxAbs 0.000e+00  ref|max| 4.022e+00  rel 0.000e+00  psnr    inf dB   (info, vs run)
  stream c1.lq.0 maxAbs 2.205e-06  ref|max| 8.783e-01  rel 2.511e-06  psnr  131.4 dB   (info, vs golden)
  stream c1.latents maxAbs 0.000e+00  ref|max| 4.279e+00  rel 0.000e+00  psnr    inf dB   (info, vs run)
  stream vs run maxAbs 0.000e+00  ref|max| 1.000e+00  rel 0.000e+00  psnr    inf dB
  E2E out.frames      psnr 100.2 dB (peak 1)  maxAbs 5.980e-04   upstream nudge floor 115.7 dB → bar 90.0 dB
S1 PASS (70 comparisons; isolated rel ≤ 0.0001, chained rel ≤ 0.001; every isolated mask flip a near-tie; E2E at or above the upstream-relative bar)
