S1 on sparse_128x96_f33.safetensors — CPU stream, fp32
  const.t maxAbs 5.960e-08  ref|max| 9.244e-01  rel 6.448e-08  psnr  162.4 dB
  const.t_mod maxAbs 2.384e-07  ref|max| 2.400e+00  rel 9.934e-08  psnr  162.0 dB
  const.cross_k0 maxAbs 1.431e-06  ref|max| 5.842e+00  rel 2.449e-07  psnr  160.8 dB
  const.cross_v0 maxAbs 2.980e-07  ref|max| 1.216e+00  rel 2.450e-07  psnr  162.2 dB
  c0.lq.0 maxAbs 2.086e-06  ref|max| 1.035e+00  rel 2.016e-06  psnr  133.2 dB
  c1.lq.0 maxAbs 2.205e-06  ref|max| 8.783e-01  rel 2.511e-06  psnr  131.4 dB
  topk_ratio 0.8, local_range 3
  iso c0.b0.sa_in maxAbs 2.861e-06  ref|max| 1.386e+01  rel 2.064e-07  psnr  161.7 dB
  iso c0.b0.q maxAbs 4.768e-06  ref|max| 8.694e+00  rel 5.485e-07  psnr  153.4 dB
  iso c0.b0.k maxAbs 3.815e-06  ref|max| 7.921e+00  rel 4.816e-07  psnr  152.9 dB
  iso c0.b0.v maxAbs 6.676e-06  ref|max| 1.515e+01  rel 4.406e-07  psnr  150.5 dB
  iso c0.b0.attn maxAbs 1.097e-05  ref|max| 3.631e+00  rel 3.020e-06  psnr  136.9 dB
  iso c0.b0.sa_out maxAbs 1.621e-05  ref|max| 1.584e+01  rel 1.023e-06  psnr  146.2 dB
  iso c0.b0.ca_in maxAbs 1.335e-05  ref|max| 2.605e+01  rel 5.126e-07  psnr  164.0 dB
  iso c0.b0.ca_out maxAbs 5.364e-06  ref|max| 8.765e-01  rel 6.120e-06  psnr  124.8 dB
  iso c0.b0.out maxAbs 4.959e-05  ref|max| 3.708e+01  rel 1.338e-06  psnr  155.6 dB
  iso c0.b0 0 / 15552 blocks differ (density 0.264, empty q-rows 13)
  iso c0.b29.sa_in maxAbs 3.815e-06  ref|max| 1.074e+01  rel 3.553e-07  psnr  159.0 dB
  iso c0.b29.q maxAbs 4.196e-05  ref|max| 6.291e+01  rel 6.670e-07  psnr  163.3 dB
  iso c0.b29.k maxAbs 3.815e-05  ref|max| 9.346e+01  rel 4.082e-07  psnr  166.5 dB
  iso c0.b29.v maxAbs 6.676e-06  ref|max| 1.063e+01  rel 6.283e-07  psnr  147.2 dB
  iso c0.b29.attn maxAbs 5.078e-05  ref|max| 9.977e+00  rel 5.090e-06  psnr  138.6 dB
  iso c0.b29.sa_out maxAbs 3.707e-05  ref|max| 2.618e+01  rel 1.416e-06  psnr  141.2 dB
  iso c0.b29.ca_in maxAbs 2.098e-05  ref|max| 2.679e+01  rel 7.830e-07  psnr  156.5 dB
  iso c0.b29.ca_out maxAbs 4.387e-05  ref|max| 7.770e+00  rel 5.646e-06  psnr  139.0 dB
  iso c0.b29.out maxAbs 8.583e-05  ref|max| 5.732e+01  rel 1.497e-06  psnr  154.0 dB
  iso c0.b29 26 / 15552 blocks differ (density 0.252, empty q-rows 4)  flipped: 26 underflow ties (p < 1e-30), max p 0.000e+00, worst neighbour gap 0.00e+00
  chain c0.b0.in maxAbs 1.431e-06  ref|max| 3.024e+00  rel 4.730e-07  psnr  155.5 dB
  chain c0.b0.attn maxAbs 1.073e-05  ref|max| 3.631e+00  rel 2.955e-06  psnr  136.8 dB
  chain c0.b0.out maxAbs 5.341e-05  ref|max| 3.708e+01  rel 1.440e-06  psnr  155.5 dB
  chain c0.b0 0 / 15552 blocks differ (density 0.264, empty q-rows 13)
  chain c0.b29.in maxAbs 2.060e-04  ref|max| 3.496e+01  rel 5.893e-06  psnr  137.1 dB
  chain c0.b29.attn maxAbs 1.691e-03  ref|max| 9.977e+00  rel 1.695e-04  psnr  122.8 dB
  chain c0.b29.out maxAbs 4.614e-04  ref|max| 5.732e+01  rel 8.049e-06  psnr  140.5 dB
  chain c0.b29 26 / 15552 blocks differ (density 0.252, empty q-rows 4)  flipped: 26 underflow ties (p < 1e-30), max p 0.000e+00, worst neighbour gap 0.00e+00
  chain c0.pred maxAbs 6.008e-05  ref|max| 6.643e+00  rel 9.044e-06  psnr  129.3 dB
  chain c0.cache_k0 maxAbs 4.292e-06  ref|max| 7.921e+00  rel 5.418e-07  psnr  150.4 dB
  chain c0.cache_v0 maxAbs 6.676e-06  ref|max| 1.515e+01  rel 4.406e-07  psnr  147.1 dB
  iso c1.b0.sa_in maxAbs 1.907e-06  ref|max| 1.207e+01  rel 1.580e-07  psnr  160.3 dB
  iso c1.b0.q maxAbs 2.861e-06  ref|max| 7.082e+00  rel 4.040e-07  psnr  151.5 dB
  iso c1.b0.k maxAbs 3.815e-06  ref|max| 7.921e+00  rel 4.816e-07  psnr  158.8 dB
  iso c1.b0.v maxAbs 5.722e-06  ref|max| 1.515e+01  rel 3.776e-07  psnr  156.5 dB
  iso c1.b0.attn maxAbs 9.060e-06  ref|max| 3.308e+00  rel 2.738e-06  psnr  136.6 dB
  iso c1.b0.sa_out maxAbs 1.240e-05  ref|max| 1.546e+01  rel 8.021e-07  psnr  146.3 dB
  iso c1.b0.ca_in maxAbs 1.335e-05  ref|max| 2.587e+01  rel 5.161e-07  psnr  163.8 dB
  iso c1.b0.ca_out maxAbs 4.947e-06  ref|max| 7.520e-01  rel 6.579e-06  psnr  123.7 dB
  iso c1.b0.out maxAbs 5.150e-05  ref|max| 3.122e+01  rel 1.650e-06  psnr  154.2 dB
  iso c1.b0 0 / 6912 blocks differ (density 0.198, empty q-rows 6)
  iso c1.b29.sa_in maxAbs 2.384e-06  ref|max| 8.383e+00  rel 2.844e-07  psnr  156.2 dB
  iso c1.b29.q maxAbs 3.433e-05  ref|max| 6.203e+01  rel 5.535e-07  psnr  163.0 dB
  iso c1.b29.k maxAbs 3.815e-05  ref|max| 9.346e+01  rel 4.082e-07  psnr  166.5 dB
  iso c1.b29.v maxAbs 6.676e-06  ref|max| 1.065e+01  rel 6.265e-07  psnr  147.1 dB
  iso c1.b29.attn maxAbs 4.768e-05  ref|max| 1.037e+01  rel 4.598e-06  psnr  138.9 dB
  iso c1.b29.sa_out maxAbs 5.418e-05  ref|max| 2.312e+01  rel 2.343e-06  psnr  139.9 dB
  iso c1.b29.ca_in maxAbs 1.907e-05  ref|max| 2.107e+01  rel 9.052e-07  psnr  154.1 dB
  iso c1.b29.ca_out maxAbs 4.339e-05  ref|max| 8.626e+00  rel 5.030e-06  psnr  139.6 dB
  iso c1.b29.out maxAbs 7.439e-05  ref|max| 4.698e+01  rel 1.584e-06  psnr  152.2 dB
  iso c1.b29 0 / 6912 blocks differ (density 0.188, empty q-rows 0)
  chain c1.b0.in maxAbs 1.192e-06  ref|max| 3.027e+00  rel 3.938e-07  psnr  155.5 dB
  chain c1.b0.attn maxAbs 9.775e-06  ref|max| 3.308e+00  rel 2.955e-06  psnr  136.4 dB
  chain c1.b0.out maxAbs 5.341e-05  ref|max| 3.122e+01  rel 1.711e-06  psnr  154.2 dB
  chain c1.b0 0 / 6912 blocks differ (density 0.198, empty q-rows 6)
  chain c1.b29.in maxAbs 1.259e-04  ref|max| 1.764e+01  rel 7.135e-06  psnr  131.0 dB
  chain c1.b29.attn maxAbs 3.116e-04  ref|max| 1.037e+01  rel 3.004e-05  psnr  124.5 dB
  chain c1.b29.out maxAbs 1.888e-04  ref|max| 4.698e+01  rel 4.020e-06  psnr  138.9 dB
  chain c1.b29 0 / 6912 blocks differ (density 0.188, empty q-rows 0)
  chain c1.pred maxAbs 3.648e-05  ref|max| 6.381e+00  rel 5.717e-06  psnr  128.9 dB
  chain c1.cache_k0 maxAbs 4.292e-06  ref|max| 7.921e+00  rel 5.418e-07  psnr  150.3 dB
  chain c1.cache_v0 maxAbs 6.676e-06  ref|max| 1.363e+01  rel 4.898e-07  psnr  146.2 dB
  dec.out maxAbs 1.222e-05  ref|max| 1.195e+00  rel 1.023e-05  psnr  125.4 dB
  E2E c0.lq.0 maxAbs 2.086e-06  ref|max| 1.035e+00  rel 2.016e-06  psnr  133.2 dB   (info)
  E2E c0.pred maxAbs 5.454e-05  ref|max| 6.643e+00  rel 8.209e-06  psnr  128.7 dB   (info)
  E2E c0.x_in maxAbs 0.000e+00  ref|max| 4.995e+00  rel 0.000e+00  psnr    inf dB   (info)
  E2E c1.lq.0 maxAbs 2.205e-06  ref|max| 8.783e-01  rel 2.511e-06  psnr  131.4 dB   (info)
  E2E c1.pred maxAbs 4.196e-05  ref|max| 6.381e+00  rel 6.576e-06  psnr  128.4 dB   (info)
  E2E c1.x_in maxAbs 0.000e+00  ref|max| 4.979e+00  rel 0.000e+00  psnr    inf dB   (info)
  E2E latents maxAbs 5.454e-05  ref|max| 4.039e+00  rel 1.350e-05  psnr  124.3 dB   (info)
  E2E pre-colourfix maxAbs 9.340e-05  ref|max| 1.390e+00  rel 6.720e-05  psnr  115.5 dB   (info)
  stream: 33 pushed → 33 out (whole-clip run emits 29)
  stream c0.lq.0 maxAbs 2.086e-06  ref|max| 1.035e+00  rel 2.016e-06  psnr  133.2 dB   (info, vs golden)
  stream c0.latents maxAbs 0.000e+00  ref|max| 3.963e+00  rel 0.000e+00  psnr    inf dB   (info, vs run)
  stream c1.lq.0 maxAbs 2.205e-06  ref|max| 8.783e-01  rel 2.511e-06  psnr  131.4 dB   (info, vs golden)
  stream c1.latents maxAbs 0.000e+00  ref|max| 4.039e+00  rel 0.000e+00  psnr    inf dB   (info, vs run)
  stream vs run maxAbs 0.000e+00  ref|max| 1.000e+00  rel 0.000e+00  psnr    inf dB
  E2E out.frames      psnr 100.2 dB (peak 1)  maxAbs 1.059e-04   upstream nudge floor 52.9 dB → bar 46.9 dB
S1 PASS (70 comparisons; isolated rel ≤ 0.0001, chained rel ≤ 0.001; every isolated mask flip a near-tie; E2E at or above the upstream-relative bar)
